---
source: rskit-bench/tests/golden.rs
expression: "&diff"
---
{
  "base_id": "base-001",
  "target_id": "target-002",
  "changes": [
    {
      "name": "accuracy",
      "old_value": 0.85,
      "new_value": 0.83,
      "delta": -0.020000000000000018,
      "direction": "higher_is_better",
      "improved": false,
      "significant": true
    },
    {
      "name": "f1",
      "old_value": 0.8,
      "new_value": 0.84,
      "delta": 0.039999999999999925,
      "direction": "higher_is_better",
      "improved": true,
      "significant": true
    },
    {
      "name": "f1.precision",
      "old_value": 0.82,
      "new_value": 0.86,
      "delta": 0.040000000000000036,
      "direction": "higher_is_better",
      "improved": true,
      "significant": true
    },
    {
      "name": "f1.recall",
      "old_value": 0.78,
      "new_value": 0.82,
      "delta": 0.039999999999999925,
      "direction": "higher_is_better",
      "improved": true,
      "significant": true
    }
  ],
  "fixed": [
    "s2"
  ],
  "regressed": [
    "s3"
  ]
}
