---
source: crates/rskit-bench/tests/golden.rs
expression: stable_metric(&result)
---
{
  "name": "classification",
  "value": 0.736842,
  "values": {
    "accuracy": 0.75,
    "f1": 0.736842,
    "fn": 3.0,
    "fp": 2.0,
    "fpr": 0.2,
    "precision": 0.777778,
    "recall": 0.7,
    "threshold": 0.5,
    "tn": 8.0,
    "tp": 7.0
  }
}
