---
source: crates/rskit-media-ffmpeg/tests/golden.rs
assertion_line: 55
expression: "&meta"
---
{
  "media_type": "Video",
  "format": "image2",
  "duration": "[duration]",
  "size": "[size]",
  "bitrate": "[bitrate]",
  "tracks": [
    {
      "index": 0,
      "kind": "Video",
      "codec": "mjpeg",
      "bitrate": "[bitrate]",
      "language": null,
      "is_default": false,
      "title": null,
      "duration": "[duration]",
      "video": {
        "resolution": {
          "width": 270,
          "height": 270
        },
        "frame_rate": {
          "num": 25,
          "den": 1
        },
        "pixel_format": "yuvj420p",
        "rotation": null,
        "color_space": null,
        "bit_depth": null,
        "hdr": false
      },
      "audio": null,
      "subtitle": null
    }
  ],
  "tags": "[tags]",
  "created_at": "[created_at]"
}
